Resolving dependencies...
Downloading packages...
  clock 1.1.2 (1.1.3 available)
  code_assets 1.2.1 (2.0.0 available)
  hooks 2.0.2 (2.2.0 available)
  material_color_utilities 0.13.0 (0.13.1 available)
  objective_c 9.5.0 (9.6.0 available)
  pointycastle 3.9.1 (4.0.0 available)
  qr 3.0.2 (4.0.0 available)
  record_use 0.6.0 (1.1.1 available)
  shared_preferences_android 2.4.23 (2.4.28 available)
  stack_trace 1.12.1 (1.12.2 available)
  test_api 0.7.12 (0.7.13 available)
Got dependencies!
11 packages have newer versions incompatible with dependency constraints.
Try `flutter pub outdated` for more information.
